RAM Allocation [bytes]
Variable                                                                          Address   Size
------------------------------------------------------------------------------------------------
twi_tx_index                                                                      0x0765       1
twi_rx_index                                                                      0x0766       1
twi_result                                                                        0x0767       1
adc_data                                                                          0x0768      12
input_index                                                                       0x0774       1
ucAdress                                                                          0x0775       1
ucData                                                                            0x0776       1
s                                                                                 0x0777      17
strTemp                                                                           0x0788      17
servo_breaks                                                                      0x0799       2
servo_value_cur                                                                   0x079B       2
servo_value_copy                                                                  0x079D       2
currstate                                                                         0x079F       2
state                                                                             0x07A1       2
line_left                                                                         0x07A3       2
line_mleft                                                                        0x07A5       2
line_mright                                                                       0x07A7       2
line_right                                                                        0x07A9       2
dist_left                                                                         0x07AB       2
dist_fleft                                                                        0x07AD       2
dist_fright                                                                       0x07AF       2
dist_right                                                                        0x07B1       2
linesensorvaluetemp                                                               0x07B3       2
distanzsensorvaluetemp                                                            0x07B5       2
data                                                                              0x07B7      32
Wert                                                                              0x07D7       5
x                                                                                 0x07DC       8
y                                                                                 0x07E4       8
sWIICAM                                                                           0x07EC       4
temp                                                                              0x07F0       2
strULTRA                                                                          0x07F2      17
iRisingEdge                                                                       0x0803       2
iFallingEdge                                                                      0x0805       2
iTime                                                                             0x0807       2
icr3                                                                              0x0809       2
state_info                                                                        0x080B       2
engine_dir                                                                        0x080D       2
wiicamobject                                                                      0x080F       2
str                                                                               0x0811      17
iTemp                                                                             0x0822       2
rx_buffer                                                                         0x0824      15
tx_buffer                                                                         0x0833      15
_seed                                                                             0x0842       4
slave_address                                                                     0x0846       1
twi_tx_buffer                                                                     0x0847       2
bytes_to_tx                                                                       0x0849       1
twi_rx_buffer                                                                     0x084A       2
bytes_to_rx                                                                       0x084C       1
twi_rx_buffer_size                                                                0x084D       1
twi_slave_rx_handler                                                              0x084E       2
twi_slave_tx_handler                                                              0x0850       2
_base_y                                                                           0x0852       4
_lcd_x                                                                            0x0856       1
_lcd_y                                                                            0x0857       1
_lcd_maxx                                                                         0x0858       1

EEPROM Allocation [bytes]
Variable                                                                          Address   Size
------------------------------------------------------------------------------------------------

Register Allocation
Variable                                                                          Register  Size
------------------------------------------------------------------------------------------------
wheelEncoderCounter_left                                                          R4,R5        2
wheelEncoderCounter_right                                                         R6,R7        2
rc5_bit                                                                           R2.0      1bit
rc5_time                                                                          R9           1
rc5_data                                                                          R10,R11      2
tmp                                                                               R12,R13      2
ucToggle                                                                          R8           1
bChange                                                                           R2.1      1bit
bPause                                                                            R2.2      1bit
bMerk                                                                             R2.3      1bit
inSERVOTEST                                                                       R2.4      1bit
bChange2                                                                          R2.5      1bit
received_ok                                                                       R2.6      1bit
twi_flag                                                                          R2.7      1bit
twi_ready                                                                         R3.0      1bit

FLASH Allocation [words]
Function                                                                          Address   Size
------------------------------------------------------------------------------------------------
adc_isr                                                                           0x002A8     46
ext_int4_isr                                                                      0x002D6     12
ext_int6_isr                                                                      0x002E2     16
port_init                                                                         0x002F2     94
timer2_ovf_isr                                                                    0x00350     47
fnDisplay                                                                         0x0037F     22
timer0_ovf_isr                                                                    0x00395     64
timer1_compa_isr                                                                  0x003D5      1
rc5_receive                                                                       0x003D6     51
rc5_display                                                                       0x00409     25
esp_states                                                                        0x00422     57
esp_mainfunctions                                                                 0x0045B    175
wii_cam_init                                                                      0x0050A     27
write2Byte                                                                        0x00525     20
readData                                                                          0x00539     53
convertdata                                                                       0x0056E     86
timer3_capt_isr                                                                   0x005C4     64
timer3_compa_isr                                                                  0x00604     12
slave_rx_handler                                                                  0x00610     21
slave_tx_handler                                                                  0x00625     73
STATE_LINE_SENSOR                                                                 0x0066E     41
STATE_ENGINE                                                                      0x00697     33
STATE_ENGINE_DIR                                                                  0x006B8     33
STATE_DISTANCE_SENSOR                                                             0x006D9     41
STATE_LIGHTSENSOR                                                                 0x00702     39
STATE_WIICAM                                                                      0x00729    120
STATE_IRTOWER                                                                     0x007A1     14
STATE_SERVO                                                                       0x007AF      5
STATE_ULTRASONIC                                                                  0x007B4     44
STATE_ZUR                                                                         0x007E2      5
STATE_RECHTS                                                                      0x007EA      5
STATE_90RECHTS                                                                    0x007EF     18
STATE_90LINKS                                                                     0x00801     18
STATE_DREHUNG                                                                     0x00813     26
STATE_METERLINKSMETERRECHTS                                                       0x0082D     85
STATE_MACHINE                                                                     0x00882    274
main                                                                              0x00994     69
itoa                                                                              0x009D9     46
twi_slave_init                                                                    0x00A07     53
twi_int_handler                                                                   0x00A3C    387
_lcd_delay_G104                                                                   0x00BBF      4
_lcd_ready                                                                        0x00BC3     17
_lcd_write_nibble_G104                                                            0x00BD4     10
_lcd_write_data                                                                   0x00BDE     15
_lcd_read_nibble_G104                                                             0x00BED      9
lcd_read_byte0_G104                                                               0x00BF6      9
lcd_gotoxy                                                                        0x00BFF     20
lcd_clear                                                                         0x00C13     21
lcd_putchar                                                                       0x00C28     39
lcd_puts                                                                          0x00C4F     15
lcd_putsf                                                                         0x00C5E     19
_long_delay_G104                                                                  0x00C71      5
_lcd_init_write_G104                                                              0x00C76     12
lcd_init                                                                          0x00C82     52
