RAM Allocation [bytes]
Variable                                                                          Address   Size
------------------------------------------------------------------------------------------------
twi_tx_index                                                                      0x0765       1
twi_rx_index                                                                      0x0766       1
twi_result                                                                        0x0767       1
line_right                                                                        0x0768       2
dist_left                                                                         0x076A       2
dist_fleft                                                                        0x076C       2
dist_fright                                                                       0x076E       2
dist_right                                                                        0x0770       2
linesensorvaluetemp                                                               0x0772       2
distanzsensorvaluetemp                                                            0x0774       2
rc5_time                                                                          0x0776       1
rc5_data                                                                          0x0777       2
tmp                                                                               0x0779       2
ucToggle                                                                          0x077B       1
ucAdress                                                                          0x077C       1
ucData                                                                            0x077D       1
s                                                                                 0x077E      17
strTemp                                                                           0x078F      17
servo_breaks                                                                      0x07A0       2
servo_value_cur                                                                   0x07A2       2
servo_value_copy                                                                  0x07A4       2
iTemp                                                                             0x07A6       2
rx_buffer                                                                         0x07A8      15
tx_buffer                                                                         0x07B7      15
strULTRA                                                                          0x07C6      17
iRisingEdge                                                                       0x07D7       2
iFallingEdge                                                                      0x07D9       2
iTime                                                                             0x07DB       2
icr3                                                                              0x07DD       2
data                                                                              0x07DF      32
Wert                                                                              0x07FF       5
x                                                                                 0x0804       8
y                                                                                 0x080C       8
sWIICAM                                                                           0x0814       4
temp                                                                              0x0818       2
state_info                                                                        0x081A       2
engine_dir                                                                        0x081C       2
wiicamobject                                                                      0x081E       2
str                                                                               0x0820      17
adc_data                                                                          0x0831      12
input_index                                                                       0x083D       1
wheelEncoderCounter_left                                                          0x083E       2
wheelEncoderCounter_right                                                         0x0840       2
_seed                                                                             0x0842       4
slave_address                                                                     0x0846       1
twi_tx_buffer                                                                     0x0847       2
bytes_to_tx                                                                       0x0849       1
twi_rx_buffer                                                                     0x084A       2
bytes_to_rx                                                                       0x084C       1
twi_rx_buffer_size                                                                0x084D       1
twi_slave_rx_handler                                                              0x084E       2
twi_slave_tx_handler                                                              0x0850       2
_base_y                                                                           0x0852       4
_lcd_x                                                                            0x0856       1
_lcd_y                                                                            0x0857       1
_lcd_maxx                                                                         0x0858       1

EEPROM Allocation [bytes]
Variable                                                                          Address   Size
------------------------------------------------------------------------------------------------

Register Allocation
Variable                                                                          Register  Size
------------------------------------------------------------------------------------------------
currstate                                                                         R4,R5        2
state                                                                             R6,R7        2
line_left                                                                         R8,R9        2
line_mleft                                                                        R10,R11      2
line_mright                                                                       R12,R13      2
rc5_bit                                                                           R2.0      1bit
bChange                                                                           R2.1      1bit
bPause                                                                            R2.2      1bit
bMerk                                                                             R2.3      1bit
inSERVOTEST                                                                       R2.4      1bit
received_ok                                                                       R2.5      1bit
bChange2                                                                          R2.6      1bit
twi_flag                                                                          R2.7      1bit
twi_ready                                                                         R3.0      1bit

FLASH Allocation [words]
Function                                                                          Address   Size
------------------------------------------------------------------------------------------------
adc_isr                                                                           0x002A2     46
ext_int4_isr                                                                      0x002D0     16
ext_int6_isr                                                                      0x002E0     16
port_init                                                                         0x002F0     94
timer2_ovf_isr                                                                    0x0034E     44
fnDisplay                                                                         0x0037A     22
timer0_ovf_isr                                                                    0x00390     88
timer1_compa_isr                                                                  0x003E8      1
rc5_receive                                                                       0x003E9     57
rc5_display                                                                       0x00422     26
esp_states                                                                        0x0043C     43
esp_mainfunctions                                                                 0x00467    148
wii_cam_init                                                                      0x004FB     27
write2Byte                                                                        0x00516     20
readData                                                                          0x0052A     53
convertdata                                                                       0x0055F     86
timer3_capt_isr                                                                   0x005B5     64
timer3_compa_isr                                                                  0x005F5     12
STATE_LINE_SENSOR                                                                 0x00601     41
STATE_ENGINE                                                                      0x0062A     33
STATE_ENGINE_DIR                                                                  0x0064B     33
STATE_DISTANCE_SENSOR                                                             0x0066C     41
STATE_LIGHTSENSOR                                                                 0x00695     39
STATE_WIICAM                                                                      0x006BC    120
STATE_IRTOWER                                                                     0x00734     14
STATE_SERVO                                                                       0x00742      5
STATE_ULTRASONIC                                                                  0x00747     44
STATE_VOR                                                                         0x00773      2
STATE_ZUR                                                                         0x00775      5
STATE_LINKS                                                                       0x0077A      3
STATE_RECHTS                                                                      0x0077D      5
STATE_90RECHTS                                                                    0x00782     19
STATE_90LINKS                                                                     0x00795     19
STATE_DREHUNG                                                                     0x007A8     32
STATE_METERLINKSMETERRECHTS                                                       0x007C8     99
STATE_MACHINE                                                                     0x0082B    271
slave_rx_handler                                                                  0x0093A     26
slave_tx_handler                                                                  0x00954     79
main                                                                              0x009A3     63
itoa                                                                              0x009E2     46
twi_slave_init                                                                    0x00A10     53
twi_int_handler                                                                   0x00A45    387
_lcd_delay_G104                                                                   0x00BC8      4
_lcd_ready                                                                        0x00BCC     17
_lcd_write_nibble_G104                                                            0x00BDD     10
_lcd_write_data                                                                   0x00BE7     15
_lcd_read_nibble_G104                                                             0x00BF6      9
lcd_read_byte0_G104                                                               0x00BFF      9
lcd_gotoxy                                                                        0x00C08     20
lcd_clear                                                                         0x00C1C     21
lcd_putchar                                                                       0x00C31     39
lcd_puts                                                                          0x00C58     15
lcd_putsf                                                                         0x00C67     19
_long_delay_G104                                                                  0x00C7A      5
_lcd_init_write_G104                                                              0x00C7F     12
lcd_init                                                                          0x00C8B     52
