RAM Allocation [bytes]
Variable                                                                          Address   Size
------------------------------------------------------------------------------------------------
twi_tx_index                                                                      0x06E2       1
twi_rx_index                                                                      0x06E3       1
twi_result                                                                        0x06E4       1
strTemp                                                                           0x06E5      17
engine_dir                                                                        0x06F6       2
wiicamobject1                                                                     0x06F8       2
wiicamobject2                                                                     0x06FA       2
str                                                                               0x06FC      17
currstate                                                                         0x070D       2
state                                                                             0x070F       2
line_left                                                                         0x0711       2
line_mleft                                                                        0x0713       2
line_mright                                                                       0x0715       2
line_right                                                                        0x0717       2
dist_left                                                                         0x0719       2
dist_fleft                                                                        0x071B       2
dist_fright                                                                       0x071D       2
dist_right                                                                        0x071F       2
linesensorvaluetemp                                                               0x0721       2
distanzsensorvaluetemp                                                            0x0723       2
ipwmcounter                                                                       0x0725       2
ipwmcompareleft                                                                   0x0727       2
ipwmcompareright                                                                  0x0729       2
tmr_wiipwm                                                                        0x072B       2
Wiipwmleft                                                                        0x072D       2
Wiipwmright                                                                       0x072F       2
rc5_time                                                                          0x0731       1
rc5_data                                                                          0x0732       2
tmp                                                                               0x0734       2
ucToggle                                                                          0x0736       1
ucAdress                                                                          0x0737       1
ucData                                                                            0x0738       1
s                                                                                 0x0739      17
i                                                                                 0x074A       1
iTemp                                                                             0x074B       2
rx_buffer                                                                         0x074D      18
tx_buffer                                                                         0x075F      18
strULTRA                                                                          0x0771      17
iRisingEdge                                                                       0x0782       2
iFallingEdge                                                                      0x0784       2
iTime                                                                             0x0786       2
icr3                                                                              0x0788       2
data                                                                              0x078A      32
Wert                                                                              0x07AA       5
x                                                                                 0x07AF       8
y                                                                                 0x07B7       8
sWIICAM                                                                           0x07BF       4
temp                                                                              0x07C3       2
LINE_DETECTOR_LEFT                                                                0x07C5       2
LINE_DETECTOR_RIGHT                                                               0x07C7       2
LINE_DETECTOR_MID_LEFT                                                            0x07C9       2
LINE_DETECTOR_MID_RIGHT                                                           0x07CB       2
adc_data                                                                          0x07CD      14
input_index                                                                       0x07DB       1
wheelEncoderCounter_left                                                          0x07DC       4
wheelEncoderCounter_right                                                         0x07E0       4
newvalL                                                                           0x07E4       4
newvalR                                                                           0x07E8       4
tmr_line                                                                          0x07EC       2
val_L_linesearch                                                                  0x07EE       2
detector_value                                                                    0x07F0       2
detector_value_line                                                               0x07F2       2
wheelEncoderCounter_right_comp                                                    0x07F4       2
min_light                                                                         0x07F6       2
_seed                                                                             0x07F8       4
slave_address                                                                     0x07FC       1
twi_tx_buffer                                                                     0x07FD       2
bytes_to_tx                                                                       0x07FF       1
twi_rx_buffer                                                                     0x0800       2
bytes_to_rx                                                                       0x0802       1
twi_rx_buffer_size                                                                0x0803       1
twi_slave_rx_handler                                                              0x0804       2
twi_slave_tx_handler                                                              0x0806       2
_base_y                                                                           0x0808       4
_lcd_x                                                                            0x080C       1
_lcd_y                                                                            0x080D       1
_lcd_maxx                                                                         0x080E       1

EEPROM Allocation [bytes]
Variable                                                                          Address   Size
------------------------------------------------------------------------------------------------

Register Allocation
Variable                                                                          Register  Size
------------------------------------------------------------------------------------------------
servo_breaks                                                                      R4,R5        2
servo_value_cur                                                                   R6,R7        2
servo_value_copy                                                                  R8,R9        2
state_info                                                                        R10,R11      2
leftCounter                                                                       R12,R13      2
rc5_bit                                                                           R2.0      1bit
received_ok                                                                       R2.1      1bit
bChange2                                                                          R2.2      1bit
twi_flag                                                                          R2.3      1bit
twi_ready                                                                         R2.4      1bit

FLASH Allocation [words]
Function                                                                          Address   Size
------------------------------------------------------------------------------------------------
adc_isr                                                                           0x0026E     46
ext_int4_isr                                                                      0x0029C     31
ext_int6_isr                                                                      0x002BB     42
port_init                                                                         0x002E5     96
timer1_ovf_isr                                                                    0x00345    159
pwmmaker                                                                          0x003E4     59
movement                                                                          0x0041F     23
timer0_ovf_isr                                                                    0x00436     88
rc5_receive                                                                       0x0048E     57
rc5_display                                                                       0x004C7     26
ondata                                                                            0x004E1    125
timer2_ovf_isr                                                                    0x0055E     30
fnDisplay                                                                         0x0057C     18
fnServo                                                                           0x0058E     29
esp_states                                                                        0x005AB     19
esp_mainfunctions                                                                 0x005BE    155
wii_cam_init                                                                      0x00659     26
write2Byte                                                                        0x00673     20
readData                                                                          0x00687     54
convertdata                                                                       0x006BD     86
timer3_capt_isr                                                                   0x00713     64
timer3_compa_isr                                                                  0x00753     12
STATE_LINE_SENSOR                                                                 0x0075F     45
STATE_ENGINE                                                                      0x0078C     33
STATE_ENGINE_DIR                                                                  0x007AD     33
STATE_DISTANCE_SENSOR                                                             0x007CE     41
STATE_LIGHTSENSOR                                                                 0x007F7     35
STATE_WIICAM                                                                      0x0081A    115
STATE_IRTOWER                                                                     0x0088D      2
STATE_SERVO                                                                       0x0088F      8
STATE_ULTRASONIC                                                                  0x00897     44
STATE_VOR                                                                         0x008C3     36
STATE_ZUR                                                                         0x008E7     36
STATE_LINKS                                                                       0x0090B      5
STATE_RECHTS                                                                      0x00910      9
STATE_90RECHTS                                                                    0x00919     31
STATE_90LINKS                                                                     0x00938     31
detector                                                                          0x00957    932
line_detector                                                                     0x00CFB   1033
detectorcase_line                                                                 0x01104    759
detectorcase                                                                      0x013FB    520
STATE_1                                                                           0x01603     33
STATE_2                                                                           0x01624    421
STATE_3                                                                           0x017C9      4
STATE_4                                                                           0x017CD     90
STATE_5                                                                           0x01827     29
STATE_6                                                                           0x01844      4
STATE_7                                                                           0x01848    115
STATE_8                                                                           0x018BB      7
STATE_MACHINE                                                                     0x018C2    317
slave_rx_handler                                                                  0x019FF     26
slave_tx_handler                                                                  0x01A19     91
twiinit                                                                           0x01A74     23
main                                                                              0x01A8B     98
itoa                                                                              0x01AED     46
twi_slave_init                                                                    0x01B1B     53
twi_int_handler                                                                   0x01B50    387
_lcd_delay_G104                                                                   0x01CD3      4
_lcd_ready                                                                        0x01CD7     17
_lcd_write_nibble_G104                                                            0x01CE8     10
_lcd_write_data                                                                   0x01CF2     15
_lcd_read_nibble_G104                                                             0x01D01      9
lcd_read_byte0_G104                                                               0x01D0A      9
lcd_gotoxy                                                                        0x01D13     20
lcd_clear                                                                         0x01D27     21
lcd_putchar                                                                       0x01D3C     39
lcd_puts                                                                          0x01D63     15
lcd_putsf                                                                         0x01D72     19
_long_delay_G104                                                                  0x01D85      5
_lcd_init_write_G104                                                              0x01D8A     12
lcd_init                                                                          0x01D96     52
